
> test
> node scripts/runAllTests.mjs

[1/62] analyticsRoutes.test.mjs
analyticsRoutes.test.mjs passed
Γ£ô analyticsRoutes.test.mjs (4044ms)
[2/62] authValidationAndSessionCookie.test.mjs
authValidationAndSessionCookie.test.mjs passed
Γ£ô authValidationAndSessionCookie.test.mjs (191ms)
[3/62] autonomousWorker.test.mjs
autonomousWorker.test.mjs passed
Γ£ô autonomousWorker.test.mjs (3964ms)
[4/62] billingCheckoutIdempotency.test.mjs
billingCheckoutIdempotency.test.mjs passed
Γ£ô billingCheckoutIdempotency.test.mjs (3329ms)
[5/62] brokerAdapters.test.mjs
brokerAdapters.test.mjs passed
Γ£ô brokerAdapters.test.mjs (44ms)
[6/62] brokerNatsIntegration.test.mjs
brokerNatsIntegration.test.mjs skipped (no NATS_SERVERS configured)
Γ£ô brokerNatsIntegration.test.mjs (74ms)
[7/62] brokerRedisIntegration.test.mjs
brokerRedisIntegration.test.mjs skipped (no REDIS_URL configured)
Γ£ô brokerRedisIntegration.test.mjs (78ms)
[8/62] cadArtifactServingPlan.test.mjs
cadArtifactServingPlan.test.mjs passed
Γ£ô cadArtifactServingPlan.test.mjs (79ms)
[9/62] cadExecuteRoute.test.mjs
cadExecuteRoute.test.mjs passed
Γ£ô cadExecuteRoute.test.mjs (71ms)
[10/62] cadExecutionStore.test.mjs
cadExecutionStore.test.mjs passed
Γ£ô cadExecutionStore.test.mjs (75ms)
[11/62] cadStatusRoute.test.mjs
cadStatusRoute.test.mjs passed
Γ£ô cadStatusRoute.test.mjs (75ms)
[12/62] cloudStorageAdapter.test.mjs
cloudStorageAdapter.test.mjs passed
Γ£ô cloudStorageAdapter.test.mjs (44ms)
[13/62] eventBusCrossInstance.test.mjs
eventBusCrossInstance.test.mjs passed
Γ£ô eventBusCrossInstance.test.mjs (114ms)
[14/62] eventReplay.test.mjs
eventReplay.test.mjs passed
Γ£ô eventReplay.test.mjs (100ms)
[15/62] eventReplayRetention.test.mjs
eventReplayRetention.test.mjs passed
Γ£ô eventReplayRetention.test.mjs (74ms)
[16/62] experienceEnhancedRoutes.test.mjs
experienceEnhancedRoutes.test.mjs passed
Γ£ô experienceEnhancedRoutes.test.mjs (3338ms)
[17/62] fleetRoutes.test.mjs
fleetRoutes.test.mjs passed
Γ£ô fleetRoutes.test.mjs (3635ms)
[18/62] healthPublicHardening.test.mjs
healthPublicHardening.test.mjs passed
Γ£ô healthPublicHardening.test.mjs (3296ms)
[19/62] httpCadArtifactRoute.test.mjs
httpCadArtifactRoute.test.mjs passed
Γ£ô httpCadArtifactRoute.test.mjs (3351ms)
[20/62] httpCadExecuteRoute.test.mjs
httpCadExecuteRoute.test.mjs passed
Γ£ô httpCadExecuteRoute.test.mjs (3344ms)
[21/62] httpCadStatusRoute.test.mjs
httpCadStatusRoute.test.mjs passed
Γ£ô httpCadStatusRoute.test.mjs (3343ms)
[22/62] jobStorePersistence.test.mjs
jobStorePersistence.test.mjs passed
Γ£ô jobStorePersistence.test.mjs (45ms)
[23/62] learningAutoCapture.test.mjs
learningAutoCapture.test.mjs passed
Γ£ô learningAutoCapture.test.mjs (3360ms)
[24/62] learningRoutes.test.mjs
learningRoutes.test.mjs passed
Γ£ô learningRoutes.test.mjs (3329ms)
[25/62] metricsShipping.test.mjs
metricsShipping.test.mjs passed
Γ£ô metricsShipping.test.mjs (5135ms)
[26/62] notFoundErrorHandler.test.mjs
notFoundErrorHandler.test.mjs passed
Γ£ô notFoundErrorHandler.test.mjs (44ms)
[27/62] opsQualityRoutes.test.mjs
opsQualityRoutes.test.mjs passed
Γ£ô opsQualityRoutes.test.mjs (117ms)
[28/62] orgRoutes.test.mjs
orgRoutes.test.mjs passed
Γ£ô orgRoutes.test.mjs (3461ms)
[29/62] patentClaimAnalysisRoute.test.mjs
patentClaimAnalysisRoute.test.mjs passed
Γ£ô patentClaimAnalysisRoute.test.mjs (3318ms)
[30/62] patentExternalProvider.test.mjs
patentExternalProvider.test.mjs passed
Γ£ô patentExternalProvider.test.mjs (3559ms)
[31/62] patentProviderModes.test.mjs
patentProviderModes.test.mjs passed
Γ£ô patentProviderModes.test.mjs (3321ms)
[32/62] patentRoutes.test.mjs
patentRoutes.test.mjs passed
Γ£ô patentRoutes.test.mjs (3326ms)
[33/62] physicsFluidBasicRoute.test.mjs
physicsFluidBasicRoute.test.mjs passed
Γ£ô physicsFluidBasicRoute.test.mjs (3309ms)
[34/62] physicsJobsRoute.test.mjs
physicsJobsRoute.test.mjs passed
Γ£ô physicsJobsRoute.test.mjs (3312ms)
[35/62] physicsKinematicsRoute.test.mjs
physicsKinematicsRoute.test.mjs passed
Γ£ô physicsKinematicsRoute.test.mjs (3840ms)
[36/62] physicsQueuedRoute.test.mjs
physicsQueuedRoute.test.mjs passed
Γ£ô physicsQueuedRoute.test.mjs (3426ms)
[37/62] platformRuntime.test.mjs
platformRuntime.test.mjs passed
Γ£ô platformRuntime.test.mjs (80ms)
[38/62] portfolioOptimizeRoute.test.mjs
portfolioOptimizeRoute.test.mjs passed
Γ£ô portfolioOptimizeRoute.test.mjs (3385ms)
[39/62] productRoutes.test.mjs
productRoutes.test.mjs passed
Γ£ô productRoutes.test.mjs (3329ms)
[40/62] replayArchiveRoutes.test.mjs
replayArchiveRoutes.test.mjs passed
Γ£ô replayArchiveRoutes.test.mjs (3329ms)
[41/62] sessionAuthRoutes.test.mjs
sessionAuthRoutes.test.mjs passed
Γ£ô sessionAuthRoutes.test.mjs (3412ms)
[42/62] smoke.mjs
custom backend smoke test passed
Γ£ô smoke.mjs (47ms)
[43/62] solverLocalWorker.test.mjs
solverLocalWorker.test.mjs passed
Γ£ô solverLocalWorker.test.mjs (3528ms)
[44/62] solverRoutes.test.mjs
solverRoutes.test.mjs passed
Γ£ô solverRoutes.test.mjs (3328ms)
[45/62] stripeWebhookAndOrgProjectVisibility.test.mjs
stripeWebhookAndOrgProjectVisibility.test.mjs passed
Γ£ô stripeWebhookAndOrgProjectVisibility.test.mjs (3438ms)
[46/62] taskStoreDurability.test.mjs
taskStoreDurability.test.mjs passed
Γ£ô taskStoreDurability.test.mjs (93ms)
[47/62] webhookIdempotencyStore.test.mjs
webhookIdempotencyStore.test.mjs passed
Γ£ô webhookIdempotencyStore.test.mjs (81ms)
[48/62] workerProgressRoutes.test.mjs
workerProgressRoutes.test.mjs passed
Γ£ô workerProgressRoutes.test.mjs (3319ms)
[49/62] workerQueueLifecycle.test.mjs
workerQueueLifecycle.test.mjs passed
Γ£ô workerQueueLifecycle.test.mjs (3367ms)
[50/62] workerStatusAndStreamAuth.test.mjs
workerStatusAndStreamAuth.test.mjs passed
Γ£ô workerStatusAndStreamAuth.test.mjs (3323ms)
[51/62] workflowAutonomyRoute.test.mjs
workflowAutonomyRoute.test.mjs passed
Γ£ô workflowAutonomyRoute.test.mjs (3446ms)
[52/62] workflowBranchPolicyRoute.test.mjs
workflowBranchPolicyRoute.test.mjs passed
Γ£ô workflowBranchPolicyRoute.test.mjs (3406ms)
[53/62] workflowDefinitionLineage.test.mjs
workflowDefinitionLineage.test.mjs passed
Γ£ô workflowDefinitionLineage.test.mjs (3320ms)
[54/62] workflowIdempotencyRoute.test.mjs
workflowIdempotencyRoute.test.mjs passed
Γ£ô workflowIdempotencyRoute.test.mjs (3380ms)
[55/62] workflowMutationLearningRoute.test.mjs
workflowMutationLearningRoute.test.mjs passed
Γ£ô workflowMutationLearningRoute.test.mjs (3387ms)
[56/62] workflowParallelDagRoute.test.mjs
workflowParallelDagRoute.test.mjs passed
Γ£ô workflowParallelDagRoute.test.mjs (3580ms)
[57/62] workflowPhysicsMidFidelityRoute.test.mjs
workflowPhysicsMidFidelityRoute.test.mjs passed
Γ£ô workflowPhysicsMidFidelityRoute.test.mjs (3625ms)
[58/62] workflowPhysicsPrescreenRoute.test.mjs
workflowPhysicsPrescreenRoute.test.mjs passed
Γ£ô workflowPhysicsPrescreenRoute.test.mjs (3349ms)
[59/62] workflowPredictivePlanningRoute.test.mjs
workflowPredictivePlanningRoute.test.mjs passed
Γ£ô workflowPredictivePlanningRoute.test.mjs (3366ms)
[60/62] workflowRevisionCas.test.mjs
workflowRevisionCas.test.mjs passed
Γ£ô workflowRevisionCas.test.mjs (45ms)
[61/62] workflowTieredEvaluatorRoute.test.mjs
workflowTieredEvaluatorRoute.test.mjs passed
Γ£ô workflowTieredEvaluatorRoute.test.mjs (3400ms)
[62/62] workflowWatchdogAndRetry.test.mjs
workflowWatchdogAndRetry.test.mjs passed
Γ£ô workflowWatchdogAndRetry.test.mjs (3389ms)
runAllTests.mjs passed (62 test files) in 147333ms
